[gramentheme.com/html/addina/index.html]
[backblue.gif]
[fade.gif]
[index.html]
[gramentheme.com/html/addina/assets/imgs/furniture/favicon.png]
[gramentheme.com/html/addina/assets/css/bootstrap.min.css]
[gramentheme.com/html/addina/assets/css/meanmenu.min.css]
[gramentheme.com/html/addina/assets/css/animate.css]
[gramentheme.com/html/addina/assets/css/swiper.min.css]
[gramentheme.com/html/addina/assets/css/slick.css]
[gramentheme.com/html/addina/assets/css/magnific-popup.css]
[gramentheme.com/html/addina/assets/css/fontawesome-pro.css]
[gramentheme.com/html/addina/assets/css/spacing.css]
[gramentheme.com/html/addina/assets/css/main.css]
[gramentheme.com/html/addina/assets/imgs/furniture/logo/logo-light.svg]
[gramentheme.com/html/addina/assets/imgs/product/details/details-04.png]
[gramentheme.com/html/addina/assets/imgs/product/details/details-05.png]
[gramentheme.com/html/addina/assets/imgs/product/details/details-06.png]
[gramentheme.com/html/addina/assets/imgs/icons/call.png]
[gramentheme.com/html/addina/wishlist.html]
[gramentheme.com/html/addina/cart.html]
[gramentheme.com/html/addina/assets/imgs/furniture/logo/logo.svg]
[gramentheme.com/html/addina/pharmacy.html]
[gramentheme.com/html/addina/grocery.html]
[gramentheme.com/html/addina/about.html]
[gramentheme.com/html/addina/product.html]
[gramentheme.com/html/addina/product-details.html]
[gramentheme.com/html/addina/checkout.html]
[gramentheme.com/html/addina/store.html]
[gramentheme.com/html/addina/portfolio.html]
[gramentheme.com/html/addina/portfolio-details.html]
[gramentheme.com/html/addina/faq.html]
[gramentheme.com/html/addina/coming-soon.html]
[gramentheme.com/html/addina/error.html]
[gramentheme.com/html/addina/blog.html]
[gramentheme.com/html/addina/blog-grid.html]
[gramentheme.com/html/addina/blog-details.html]
[gramentheme.com/html/addina/contact.html]
[gramentheme.com/html/addina/assets/imgs/furniture/banner/chair1.png]
[gramentheme.com/html/addina/assets/imgs/furniture/banner/circle.png]
[gramentheme.com/html/addina/assets/imgs/furniture/banner/chair2.png]
[gramentheme.com/html/addina/assets/imgs/furniture/banner/chair3.png]
[gramentheme.com/html/addina/assets/imgs/furniture/product/off-01.png]
[gramentheme.com/html/addina/assets/imgs/furniture/product/off-02.png]
[gramentheme.com/html/addina/assets/imgs/furniture/product/product1.png]
[gramentheme.com/html/addina/assets/imgs/furniture/product/product2.png]
[gramentheme.com/html/addina/assets/imgs/furniture/product/product3.png]
[gramentheme.com/html/addina/assets/imgs/furniture/product/product4.png]
[gramentheme.com/html/addina/assets/imgs/furniture/rating/bg-image.png]
[gramentheme.com/html/addina/assets/imgs/furniture/product/product5.png]
[gramentheme.com/html/addina/assets/imgs/furniture/product/product6.png]
[gramentheme.com/html/addina/assets/imgs/furniture/product/product7.png]
[gramentheme.com/html/addina/assets/imgs/furniture/product/product8.png]
[gramentheme.com/html/addina/assets/imgs/furniture/ad/ad-discount.png]
[gramentheme.com/html/addina/assets/imgs/furniture/ad/ad-timer.png]
[gramentheme.com/html/addina/assets/imgs/furniture/testimonial/bg.jpg]
[gramentheme.com/html/addina/assets/imgs/furniture/product/fs-01.png]
[gramentheme.com/html/addina/assets/imgs/furniture/product/fs-02.png]
[gramentheme.com/html/addina/assets/imgs/furniture/product/fs-03.png]
[gramentheme.com/html/addina/assets/imgs/furniture/product/fs-04.png]
[gramentheme.com/html/addina/assets/imgs/furniture/product/fs-05.png]
[gramentheme.com/html/addina/assets/imgs/furniture/product/fs-06.png]
[gramentheme.com/html/addina/assets/imgs/furniture/blog/blog-image1.jpg]
[gramentheme.com/html/addina/assets/imgs/furniture/blog/blog-image2.jpg]
[gramentheme.com/html/addina/assets/imgs/app/play-store.png]
[gramentheme.com/html/addina/assets/imgs/app/apple-store.png]
[gramentheme.com/html/addina/assets/imgs/furniture/brand/brand-01.png]
[gramentheme.com/html/addina/assets/imgs/furniture/brand/brand-02.png]
[gramentheme.com/html/addina/assets/imgs/furniture/brand/brand-03.png]
[gramentheme.com/html/addina/assets/imgs/furniture/brand/brand-04.png]
[gramentheme.com/html/addina/assets/imgs/furniture/brand/brand-05.png]
[gramentheme.com/html/addina/assets/imgs/icons/payoneer.png]
[gramentheme.com/html/addina/assets/imgs/icons/maser.png]
[gramentheme.com/html/addina/assets/imgs/icons/paypal.png]
[gramentheme.com/html/addina/assets/js/jquery-3.6.0.min.js]
[gramentheme.com/html/addina/assets/js/waypoints.min.js]
[gramentheme.com/html/addina/assets/js/bootstrap.bundle.min.js]
[gramentheme.com/html/addina/assets/js/meanmenu.min.js]
[gramentheme.com/html/addina/assets/js/swiper.min.js]
[gramentheme.com/html/addina/assets/js/slick.min.js]
[gramentheme.com/html/addina/assets/js/magnific-popup.min.js]
[gramentheme.com/html/addina/assets/js/counterup.js]
[gramentheme.com/html/addina/assets/js/wow.js]
[gramentheme.com/html/addina/assets/js/ajax-form.js]
[gramentheme.com/html/addina/assets/js/beforeafter.jquery-1.0.0.min.js]
[gramentheme.com/html/addina/assets/js/main.js]
[gramentheme.com/html/addina/index.html]
[gramentheme.com/html/addina/assets/css/bootstrap.min.css]
[gramentheme.com/html/addina/assets/css/meanmenu.min.css]
[gramentheme.com/html/addina/assets/css/animate.css]
[gramentheme.com/html/addina/assets/css/swiper.min.css]
[gramentheme.com/html/addina/assets/css/slick.css]
[gramentheme.com/html/addina/assets/css/magnific-popup.css]
[gramentheme.com/html/addina/assets/fonts/fa-brands-400.woff2]
[gramentheme.com/html/addina/assets/fonts/fa-brands-400.ttf]
[gramentheme.com/html/addina/assets/fonts/fa-duotone-900.55.delayed]
[gramentheme.com/html/addina/assets/fonts/fa-duotone-900.ttf]
[gramentheme.com/html/addina/assets/fonts/fa-light-300.woff2]
[gramentheme.com/html/addina/assets/fonts/fa-regular-400.woff2]
[gramentheme.com/html/addina/assets/fonts/fa-light-300.ttf]
[gramentheme.com/html/addina/assets/fonts/fa-solid-900.woff2]
[gramentheme.com/html/addina/assets/fonts/fa-thin-100.woff2]
[gramentheme.com/html/addina/assets/fonts/fa-regular-400.ttf]
[gramentheme.com/html/addina/assets/fonts/fa-solid-900.ttf]
[gramentheme.com/html/addina/assets/fonts/fa-v4compatibility.woff2]
[gramentheme.com/html/addina/assets/css/fontawesome-pro.css]
[gramentheme.com/html/addina/assets/css/spacing.css]
[gramentheme.com/html/addina/assets/fonts/fa-v4compatibility.ttf]
[gramentheme.com/html/addina/assets/fonts/fa-thin-100.ttf]
[gramentheme.com/html/addina/assets/imgs/icons/cross-out.png]
[gramentheme.com/html/addina/assets/imgs/furniture/icon/tag.png]
[gramentheme.com/html/addina/assets/imgs/grocery/icon/tag.png]
[gramentheme.com/html/addina/assets/css/main.css]
[gramentheme.com/html/addina/assets/imgs/furniture/logo/logo-light.svg]
[gramentheme.com/html/addina/assets/imgs/favicon.png]
[gramentheme.com/html/addina/assets/imgs/logo/logo-white.svg]
[gramentheme.com/html/addina/assets/imgs/bg/breadcrumb-bg.jpg]
[gramentheme.com/html/addina/wishlist.html]
[gramentheme.com/html/addina/cart.html]
[gramentheme.com/html/addina/assets/imgs/furniture/logo/logo.svg]
[gramentheme.com/html/addina/assets/imgs/pharmacy-favicon.png]
[gramentheme.com/html/addina/assets/css/pharmecy.css]
[gramentheme.com/html/addina/assets/imgs/product/details/details-01.png]
[gramentheme.com/html/addina/assets/imgs/product/details/details-02.png]
[gramentheme.com/html/addina/assets/imgs/product/details/details-03.png]
[gramentheme.com/html/addina/assets/imgs/logo/logo.svg]
[gramentheme.com/html/addina/pharmacy-product.html]
[gramentheme.com/html/addina/pharmacy-details.html]
[gramentheme.com/html/addina/wishlist-pharmacy.html]
[gramentheme.com/html/addina/cart-pharmacy.html]
[gramentheme.com/html/addina/checkout-pharmacy.html]
[gramentheme.com/html/addina/pharmacy-pharmacy-product.html]
[gramentheme.com/html/addina/assets/imgs/banner/banner-4-1.png]
[gramentheme.com/html/addina/assets/imgs/shapes/discount.png]
[gramentheme.com/html/addina/assets/imgs/banner/banner-4-2.png]
[gramentheme.com/html/addina/service.html]
[gramentheme.com/html/addina/assets/imgs/shapes/banner-shape-4-01.png]
[gramentheme.com/html/addina/assets/imgs/shapes/banner-shape-4-02.png]
[gramentheme.com/html/addina/assets/imgs/shapes/banner-shape-4-03.png]
[gramentheme.com/html/addina/assets/imgs/product/discount/discount-01.png]
[gramentheme.com/html/addina/assets/imgs/product/discount/discount-02.png]
[gramentheme.com/html/addina/assets/imgs/product/discount/discount-03.png]
[gramentheme.com/html/addina/assets/imgs/product/discount/discount-04.png]
[gramentheme.com/html/addina/assets/imgs/product/discount/discount-05.png]
[gramentheme.com/html/addina/assets/imgs/product/product-01.png]
[gramentheme.com/html/addina/assets/imgs/product/product-02.png]
[gramentheme.com/html/addina/assets/imgs/product/product-03.png]
[gramentheme.com/html/addina/assets/imgs/product/product-04.png]
[gramentheme.com/html/addina/assets/imgs/banner/ad.jpg]
[gramentheme.com/html/addina/assets/imgs/vaccine/vaccine-01.png]
[gramentheme.com/html/addina/assets/imgs/banner/product-banner.png]
[gramentheme.com/html/addina/assets/imgs/icons/quote-blue.png]
[gramentheme.com/html/addina/assets/imgs/testimonial/review-thumb.png]
[gramentheme.com/html/addina/assets/imgs/bg/intro-bg.png]
[gramentheme.com/html/addina/appointment.html]
[gramentheme.com/html/addina/project-details.html]
[gramentheme.com/html/addina/assets/imgs/blog/blog-5.jpg]
[gramentheme.com/html/addina/assets/imgs/blog/blog-6.jpg]
[gramentheme.com/html/addina/home-startup.html]
[gramentheme.com/html/addina/services.html]
[gramentheme.com/html/addina/pharmacy.html]
[gramentheme.com/html/addina/portfolio-2.html]
[gramentheme.com/html/addina/assets/imgs/grocery/favicon.png]
[gramentheme.com/html/addina/assets/css/grocery.css]
[gramentheme.com/html/addina/assets/imgs/grocery/logo/logo-light.svg]
[gramentheme.com/html/addina/assets/imgs/product/details/details-07.png]
[gramentheme.com/html/addina/assets/imgs/product/details/details-08.png]
[gramentheme.com/html/addina/assets/imgs/product/details/details-09.png]
[gramentheme.com/html/addina/assets/imgs/grocery/logo/logo.svg]
[gramentheme.com/html/addina/grocery-product.html]
[gramentheme.com/html/addina/grocery-details.html]
[gramentheme.com/html/addina/wishlist-grocery.html]
[gramentheme.com/html/addina/cart-grocery.html]
[gramentheme.com/html/addina/checkout-grocery.html]
[gramentheme.com/html/addina/grocery-grocery-product.html]
[gramentheme.com/html/addina/assets/imgs/grocery/banner/product1.png]
[gramentheme.com/html/addina/assets/imgs/grocery/banner/discount-tag.png]
[gramentheme.com/html/addina/assets/imgs/grocery/banner/product2.png]
[gramentheme.com/html/addina/assets/imgs/grocery/banner/product3.png]
[gramentheme.com/html/addina/assets/imgs/grocery/icon/category-01.png]
[gramentheme.com/html/addina/assets/imgs/grocery/icon/category-02.png]
[gramentheme.com/html/addina/assets/imgs/grocery/icon/category-03.png]
[gramentheme.com/html/addina/assets/imgs/grocery/icon/category-04.png]
[gramentheme.com/html/addina/assets/imgs/grocery/icon/category-05.png]
[gramentheme.com/html/addina/assets/imgs/grocery/icon/category-06.png]
[gramentheme.com/html/addina/assets/imgs/grocery/product/product1.png]
[gramentheme.com/html/addina/assets/imgs/grocery/product/product2.png]
[gramentheme.com/html/addina/assets/imgs/grocery/product/product3.png]
[gramentheme.com/html/addina/assets/imgs/grocery/product/product4.png]
[gramentheme.com/html/addina/assets/imgs/grocery/product/product5.png]
[gramentheme.com/html/addina/assets/imgs/grocery/product/product6.png]
[gramentheme.com/html/addina/assets/imgs/grocery/product/product7.png]
[gramentheme.com/html/addina/assets/imgs/grocery/product/product8.png]
[gramentheme.com/html/addina/assets/imgs/grocery/product/off-01.png]
[gramentheme.com/html/addina/assets/imgs/grocery/product/off-02.png]
[gramentheme.com/html/addina/assets/imgs/grocery/product/fs-01.png]
[gramentheme.com/html/addina/assets/imgs/grocery/product/fs-02.png]
[gramentheme.com/html/addina/assets/imgs/grocery/product/fs-03.png]
[gramentheme.com/html/addina/assets/imgs/grocery/product/fs-04.png]
[gramentheme.com/html/addina/assets/imgs/grocery/product/fs-05.png]
[gramentheme.com/html/addina/assets/imgs/grocery/product/fs-06.png]
[gramentheme.com/html/addina/assets/imgs/grocery/product/fs-07.png]
[gramentheme.com/html/addina/assets/imgs/grocery/product/fs-08.png]
[gramentheme.com/html/addina/assets/imgs/grocery/product/fs-09.png]
[gramentheme.com/html/addina/assets/imgs/grocery/banner/timer.jpg]
[gramentheme.com/html/addina/grocery.html]
[gramentheme.com/html/addina/assets/imgs/furniture/about/about-image2.jpg]
[gramentheme.com/html/addina/assets/imgs/furniture/about/about-image1.jpg]
[gramentheme.com/html/addina/assets/imgs/furniture/about/about-video-image.jpg]
[gramentheme.com/html/addina/about.html]
[gramentheme.com/html/addina/assets/imgs/bg/breadcrumb-bg-furniture.jpg]
[gramentheme.com/html/addina/assets/imgs/product/product1.png]
[gramentheme.com/html/addina/assets/imgs/product/product2.png]
[gramentheme.com/html/addina/assets/imgs/product/product3.png]
[gramentheme.com/html/addina/assets/imgs/product/product4.png]
[gramentheme.com/html/addina/assets/imgs/product/product5.png]
[gramentheme.com/html/addina/assets/imgs/product/product6.png]
[gramentheme.com/html/addina/assets/imgs/product/product7.png]
[gramentheme.com/html/addina/assets/imgs/product/product8.png]
[gramentheme.com/html/addina/product.html]
[gramentheme.com/html/addina/assets/imgs/user/user-01.png]
[gramentheme.com/html/addina/assets/imgs/user/user-02.png]
[gramentheme.com/html/addina/assets/imgs/user/user-03.png]
[gramentheme.com/html/addina/product-details.html]
[gramentheme.com/html/addina/checkout.html]
[gramentheme.com/html/addina/assets/imgs/furniture/store/store-image2.jpg]
[gramentheme.com/html/addina/assets/imgs/furniture/store/store-image1.jpg]
[gramentheme.com/html/addina/assets/imgs/furniture/store/store-image3.jpg]
[gramentheme.com/html/addina/assets/imgs/furniture/store/store-image4.jpg]
[gramentheme.com/html/addina/store.html]
[gramentheme.com/html/addina/dashboard.html]
[gramentheme.com/html/addina/assets/imgs/project/project-01.jpg]
[gramentheme.com/html/addina/assets/imgs/project/project-02.jpg]
[gramentheme.com/html/addina/assets/imgs/project/project-03.jpg]
[gramentheme.com/html/addina/assets/imgs/project/project-04.jpg]
[gramentheme.com/html/addina/assets/imgs/project/project-05.jpg]
[gramentheme.com/html/addina/assets/imgs/project/project-06.jpg]
[gramentheme.com/html/addina/assets/imgs/project/project-07.jpg]
[gramentheme.com/html/addina/assets/imgs/project/project-08.jpg]
[gramentheme.com/html/addina/assets/imgs/project/project-09.jpg]
[gramentheme.com/html/addina/portfolio.html]
[gramentheme.com/html/addina/assets/imgs/project/project-details.jpg]
[gramentheme.com/html/addina/portfolio-details.html]
[gramentheme.com/html/addina/faq.html]
[gramentheme.com/html/addina/assets/imgs/comming/coming-soon-bg.jpg]
[gramentheme.com/html/addina/coming-soon.html]
[gramentheme.com/html/addina/assets/imgs/bg/error.png]
[gramentheme.com/html/addina/error.html]
[gramentheme.com/html/addina/assets/imgs/blog/postbox/postbox-01.jpg]
[gramentheme.com/html/addina/assets/imgs/blog/postbox/postbox-02.jpg]
[gramentheme.com/html/addina/assets/imgs/blog/postbox/postbox-03.jpg]
[gramentheme.com/html/addina/assets/imgs/blog/postbox/postbox-06.jpg]
[gramentheme.com/html/addina/assets/imgs/blog/postbox/postbox-07.jpg]
[gramentheme.com/html/addina/assets/imgs/blog/blog-11.jpg]
[gramentheme.com/html/addina/assets/imgs/blog/blog-12.jpg]
[gramentheme.com/html/addina/assets/imgs/blog/blog-13.jpg]
[gramentheme.com/html/addina/blog.html]
[gramentheme.com/html/addina/assets/imgs/blog/grid/blog-1.jpg]
[gramentheme.com/html/addina/assets/imgs/blog/grid/blog-2.jpg]
[gramentheme.com/html/addina/assets/imgs/blog/grid/blog-3.jpg]
[gramentheme.com/html/addina/assets/imgs/blog/grid/blog-4.jpg]
[gramentheme.com/html/addina/assets/imgs/blog/grid/blog-5.jpg]
[gramentheme.com/html/addina/assets/imgs/blog/grid/blog-6.jpg]
[gramentheme.com/html/addina/assets/imgs/blog/grid/blog-7.jpg]
[gramentheme.com/html/addina/assets/imgs/blog/grid/blog-8.jpg]
[gramentheme.com/html/addina/assets/imgs/blog/grid/blog-9.jpg]
[gramentheme.com/html/addina/blog-grid.html]
[gramentheme.com/html/addina/assets/imgs/blog/postbox/postbox-04.jpg]
[gramentheme.com/html/addina/assets/imgs/blog/postbox/postbox-05.jpg]
[gramentheme.com/html/addina/assets/imgs/user/user-05.png]
[gramentheme.com/html/addina/blog-details.html]
[gramentheme.com/html/addina/contact.html]
[gramentheme.com/html/addina/assets/fonts/fa-duotone-900.html]
[gramentheme.com/html/addina/assets/fonts/fa-duotone-901.html]
[gramentheme.com/html/addina/assets/imgs/logo/logo-white.svg]
[gramentheme.com/html/addina/assets/css/pharmecy.css]
[gramentheme.com/html/addina/assets/imgs/logo/logo.svg]
[gramentheme.com/html/addina/assets/imgs/bg/breadcrumb-pharmacy.jpg]
[gramentheme.com/html/addina/pharmacy-product.html]
[gramentheme.com/html/addina/pharmacy-details.html]
[gramentheme.com/html/addina/wishlist-pharmacy.html]
[gramentheme.com/html/addina/cart-pharmacy.html]
[gramentheme.com/html/addina/checkout-pharmacy.html]
[gramentheme.com/html/addina/pharmacy-pharmacy-product.html]
[gramentheme.com/html/addina/service.html]
[gramentheme.com/html/addina/appointment.html]
[gramentheme.com/html/addina/project-details.html]
[gramentheme.com/html/addina/home-startup.html]
[gramentheme.com/html/addina/services.html]
[gramentheme.com/html/addina/portfolio-2/1]
[gramentheme.com/html/addina/portfolio-2/2]
[gramentheme.com/html/addina/portfolio-2/3]
[gramentheme.com/html/addina/portfolio-2/4]
[gramentheme.com/html/addina/portfolio-2/5]
[gramentheme.com/html/addina/portfolio-2/6]
[gramentheme.com/html/addina/portfolio-2/7]
[gramentheme.com/html/addina/portfolio-2/8]
[gramentheme.com/html/addina/portfolio-2/9.f8.delayed]
[gramentheme.com/html/addina/portfolio-2/10]
[gramentheme.com/html/addina/portfolio-2/11]
[gramentheme.com/html/addina/portfolio-2/12]
[gramentheme.com/html/addina/portfolio-2/13]
[gramentheme.com/html/addina/portfolio-2/14.fd.delayed]
[gramentheme.com/html/addina/portfolio-2/15]
[gramentheme.com/html/addina/portfolio-2/16]
[gramentheme.com/html/addina/portfolio-2/17]
[gramentheme.com/html/addina/portfolio-2.html]
[gramentheme.com/html/addina/assets/css/grocery.css]
[gramentheme.com/html/addina/assets/imgs/grocery/logo/logo-light.svg]
[gramentheme.com/html/addina/assets/imgs/grocery/logo/logo.svg]
[gramentheme.com/html/addina/assets/imgs/bg/breadcrumb-bg-grocery.jpg]
[gramentheme.com/html/addina/assets/imgs/product/product-g1.png]
[gramentheme.com/html/addina/assets/imgs/product/product-g2.png]
[gramentheme.com/html/addina/assets/imgs/product/product-g3.png]
[gramentheme.com/html/addina/assets/imgs/product/product-g4.png]
[gramentheme.com/html/addina/assets/imgs/product/product-g5.png]
[gramentheme.com/html/addina/assets/imgs/product/product-g6.png]
[gramentheme.com/html/addina/assets/imgs/product/product-g7.png]
[gramentheme.com/html/addina/assets/imgs/product/product-g8.png]
[gramentheme.com/html/addina/grocery-product.html]
[gramentheme.com/html/addina/grocery-details.html]
[gramentheme.com/html/addina/wishlist-grocery.html]
[gramentheme.com/html/addina/cart-grocery.html]
[gramentheme.com/html/addina/checkout-grocery.html]
[gramentheme.com/html/addina/grocery-grocery-product.html]
[gramentheme.com/html/addina/dashboard.html]
[gramentheme.com/html/addina/portfolio-2/1.html]
[gramentheme.com/html/addina/portfolio-2/2.html]
[gramentheme.com/html/addina/portfolio-2/3.html]
[gramentheme.com/html/addina/portfolio-2/4.html]
[gramentheme.com/html/addina/portfolio-2/5.html]
[gramentheme.com/html/addina/portfolio-2/6.html]
[gramentheme.com/html/addina/portfolio-2/7.html]
[gramentheme.com/html/addina/portfolio-2/8.html]
[gramentheme.com/html/addina/portfolio-2/9.html]
[gramentheme.com/html/addina/portfolio-2/10.html]
[gramentheme.com/html/addina/portfolio-2/11.html]
[gramentheme.com/html/addina/portfolio-2/12.html]
[gramentheme.com/html/addina/portfolio-2/13.html]
[gramentheme.com/html/addina/portfolio-2/14.html]
[gramentheme.com/html/addina/portfolio-2/15.html]
[gramentheme.com/html/addina/portfolio-2/16.html]
[gramentheme.com/html/addina/portfolio-2/17.html]
